../Core/Src/main.c:88:6:delay_us	16	static
../Core/Src/main.c:94:6:read_keys	56	static
../Core/Src/main.c:128:6:print_adc	288	static
../Core/Src/main.c:152:6:edit_mpreg	208	static
../Core/Src/main.c:178:5:main	112	static
../Core/Src/main.c:266:6:SystemClock_Config	88	static
../Core/Src/main.c:307:13:MX_I2C1_Init	8	static
../Core/Src/main.c:355:13:MX_TIM1_Init	40	static
../Core/Src/main.c:402:13:MX_USART2_UART_Init	8	static
../Core/Src/main.c:438:13:MX_GPIO_Init	56	static
../Core/Src/main.c:536:6:Error_Handler	8	static,ignoring_inline_asm
